(TypeError('expected str, bytes or os.PathLike object, not NoneType'),)
(TypeError('expected str, bytes or os.PathLike object, not NoneType'),)
(TypeError('expected str, bytes or os.PathLike object, not NoneType'),)
(TypeError('expected str, bytes or os.PathLike object, not NoneType'),)
(TypeError('expected str, bytes or os.PathLike object, not NoneType'),)
(TypeError('expected str, bytes or os.PathLike object, not NoneType'),)
(TypeError('expected str, bytes or os.PathLike object, not NoneType'),)
(TypeError('expected str, bytes or os.PathLike object, not NoneType'),)
(TypeError('expected str, bytes or os.PathLike object, not NoneType'),)
(TypeError('expected str, bytes or os.PathLike object, not NoneType'),)
(TypeError('expected str, bytes or os.PathLike object, not NoneType'),)
(TypeError('expected str, bytes or os.PathLike object, not NoneType'),)
(RuntimeError("\nFailed initializing MeCab. Please see the README for possible solutions:\n\n    https://github.com/polm/fugashi\n\nIf you are still having trouble, please file an issue here, and include the\nERROR DETAILS below:\n\n    https://github.com/polm/fugashi/issues\n\nissueを英語で書く必要はありません。\n\n------------------- ERROR DETAILS ------------------------\narguments: [b'fugashi', b'-C']\nparam.cpp(69) [ifs] no such file or directory: /usr/local/etc/mecabrc\n----------------------------------------------------------\n"),)
(AssertionError(" ❗ Language pt-br is not supported. Supported languages are ['en', 'es', 'fr', 'de', 'it', 'pt', 'pl', 'tr', 'ru', 'nl', 'cs', 'ar', 'zh-cn', 'hu', 'ko', 'ja', 'hi']"),)
(ValueError('You need to define either `text` (for sythesis) or a `reference_wav` (for voice conversion) to use the Coqui TTS API.'),)
(FileNotFoundError(2, 'No such file or directory'),)
(FileNotFoundError(2, 'No such file or directory'),)
(FileNotFoundError(2, 'No such file or directory'),)
(FileNotFoundError(2, 'No such file or directory'),)
(FileNotFoundError(2, 'No such file or directory'),)
(FileNotFoundError(2, 'No such file or directory'),)
(FileNotFoundError(2, 'No such file or directory'),)
(FileNotFoundError(2, 'No such file or directory'),)
(FileNotFoundError(2, 'No such file or directory'),)
(FileNotFoundError(2, 'No such file or directory'),)
(FileNotFoundError(2, 'No such file or directory'),)
(AssertionError(" ❗ Language hi is not supported. Supported languages are ['en', 'es', 'fr', 'de', 'it', 'pt', 'pl', 'tr', 'ru', 'nl', 'cs', 'ar', 'zh-cn', 'ja']"),)
(AssertionError(" ❗ Language hi is not supported. Supported languages are ['en', 'es', 'fr', 'de', 'it', 'pt', 'pl', 'tr', 'ru', 'nl', 'cs', 'ar', 'zh-cn', 'ja']"),)
(AssertionError(" ❗ Language hi is not supported. Supported languages are ['en', 'es', 'fr', 'de', 'it', 'pt', 'pl', 'tr', 'ru', 'nl', 'cs', 'ar', 'zh-cn', 'ja']"),)
(AssertionError(" ❗ Language hi is not supported. Supported languages are ['en', 'es', 'fr', 'de', 'it', 'pt', 'pl', 'tr', 'ru', 'nl', 'cs', 'ar', 'zh-cn', 'ja']"),)
(AssertionError(" ❗ Language hi is not supported. Supported languages are ['en', 'es', 'fr', 'de', 'it', 'pt', 'pl', 'tr', 'ru', 'nl', 'cs', 'ar', 'zh-cn', 'ja']"),)
(AssertionError(" ❗ Language hi is not supported. Supported languages are ['en', 'es', 'fr', 'de', 'it', 'pt', 'pl', 'tr', 'ru', 'nl', 'cs', 'ar', 'zh-cn', 'ja']"),)
(AssertionError(" ❗ Language hi is not supported. Supported languages are ['en', 'es', 'fr', 'de', 'it', 'pt', 'pl', 'tr', 'ru', 'nl', 'cs', 'ar', 'zh-cn', 'ja']"),)
(AssertionError(" ❗ Language hi is not supported. Supported languages are ['en', 'es', 'fr', 'de', 'it', 'pt', 'pl', 'tr', 'ru', 'nl', 'cs', 'ar', 'zh-cn', 'ja']"),)
(AssertionError(" ❗ Language hi is not supported. Supported languages are ['en', 'es', 'fr', 'de', 'it', 'pt', 'pl', 'tr', 'ru', 'nl', 'cs', 'ar', 'zh-cn', 'ja']"),)
(AssertionError(" ❗ Language hi is not supported. Supported languages are ['en', 'es', 'fr', 'de', 'it', 'pt', 'pl', 'tr', 'ru', 'nl', 'cs', 'ar', 'zh-cn', 'ja']"),)
(AssertionError(" ❗ Language hi is not supported. Supported languages are ['en', 'es', 'fr', 'de', 'it', 'pt', 'pl', 'tr', 'ru', 'nl', 'cs', 'ar', 'zh-cn', 'ja']"),)
(FileNotFoundError(2, 'No such file or directory'),)
(FileNotFoundError(2, 'No such file or directory'),)
(FileNotFoundError(2, 'No such file or directory'),)
(FileNotFoundError(2, 'No such file or directory'),)
(FileNotFoundError(2, 'No such file or directory'),)
(FileNotFoundError(2, 'No such file or directory'),)
(FileNotFoundError(2, 'No such file or directory'),)
(FileNotFoundError(2, 'No such file or directory'),)
(FileNotFoundError(2, 'No such file or directory'),)
(FileNotFoundError(2, 'No such file or directory'),)
(FileNotFoundError(2, 'No such file or directory'),)
(FileNotFoundError(2, 'No such file or directory'),)
(FileNotFoundError(2, 'No such file or directory'),)
(FileNotFoundError(2, 'No such file or directory'),)
(FileNotFoundError(2, 'No such file or directory'),)
(FileNotFoundError(2, 'No such file or directory'),)
(FileNotFoundError(2, 'No such file or directory'),)
(FileNotFoundError(2, 'No such file or directory'),)
(FileNotFoundError(2, 'No such file or directory'),)
(FileNotFoundError(2, 'No such file or directory'),)
(FileNotFoundError(2, 'No such file or directory'),)
(FileNotFoundError(2, 'No such file or directory'),)
(RuntimeError('CUDA error: CUDA-capable device(s) is/are busy or unavailable\nCUDA kernel errors might be asynchronously reported at some other API call, so the stacktrace below might be incorrect.\nFor debugging consider passing CUDA_LAUNCH_BLOCKING=1.\nCompile with `TORCH_USE_CUDA_DSA` to enable device-side assertions.\n'),)
(RuntimeError('CUDA error: CUDA-capable device(s) is/are busy or unavailable\nCUDA kernel errors might be asynchronously reported at some other API call, so the stacktrace below might be incorrect.\nFor debugging consider passing CUDA_LAUNCH_BLOCKING=1.\nCompile with `TORCH_USE_CUDA_DSA` to enable device-side assertions.\n'),)
(RuntimeError('CUDA error: CUDA-capable device(s) is/are busy or unavailable\nCUDA kernel errors might be asynchronously reported at some other API call, so the stacktrace below might be incorrect.\nFor debugging consider passing CUDA_LAUNCH_BLOCKING=1.\nCompile with `TORCH_USE_CUDA_DSA` to enable device-side assertions.\n'),)
(RuntimeError('CUDA error: CUDA-capable device(s) is/are busy or unavailable\nCUDA kernel errors might be asynchronously reported at some other API call, so the stacktrace below might be incorrect.\nFor debugging consider passing CUDA_LAUNCH_BLOCKING=1.\nCompile with `TORCH_USE_CUDA_DSA` to enable device-side assertions.\n'),)
